
> twilight-perigee@0.0.0 test
> vitest run


[1m[46m RUN [49m[22m [36mv4.1.2 [39m[90mD:/Documents/Sentinel Engine[39m

 [32mÔ£ô[39m src/QueryTerminal.test.jsx [2m([22m[2m26 tests[22m[2m)[22m[32m 24[2mms[22m[39m

[2m Test Files [22m [1m[32m1 passed[39m[22m[90m (1)[39m
[2m      Tests [22m [1m[32m26 passed[39m[22m[90m (26)[39m
[2m   Start at [22m 23:17:44
[2m   Duration [22m 2.87s[2m (transform 77ms, setup 211ms, import 577ms, tests 24ms, environment 1.73s)[22m

